// Jest Snapshot v1, https://goo.gl/fbAQLP

exports[`RorAutocomplete renders an interior form 1`] = `
<Fragment>
  <label
    className="c-input__label required"
    htmlFor="instit_affil_1234"
    id="label_instit_affil_1234"
  >
    Institutional Affiliation
    :
  </label>
  <div
    aria-expanded={false}
    aria-haspopup="listbox"
    aria-owns="menu_instit_affil_1234"
    role="combobox"
    style={
      Object {
        "display": "flex",
        "position": "relative",
      }
    }
  >
    <input
      aria-autocomplete="list"
      aria-controls="menu_instit_affil_1234"
      aria-labelledby="label_instit_affil_1234"
      autoComplete="off"
      className="c-input__text"
      id="instit_affil_1234"
      onBlur={[Function]}
      onChange={[Function]}
      onKeyDown={[Function]}
      style={
        Object {
          "flex": 1,
        }
      }
      value="ralpheo"
    />
    <span
      title="Institutional Affiliation not found. Select the correct Institutional Affiliation from the auto-complete list."
    >
      ‚ùì
    </span>
    <ul
      aria-labelledby="label_instit_affil_1234"
      id="menu_instit_affil_1234"
      onMouseLeave={[Function]}
      role="listbox"
      style={
        Object {
          "backgroundColor": "#fafafa",
          "listStyle": "none",
          "maxHeight": "180px",
          "maxWidth": "300px",
          "minWidth": "200px",
          "overflowY": "auto",
          "padding": 0,
          "position": "absolute",
          "top": "1em",
          "zIndex": 1000,
        }
      }
    />
  </div>
</Fragment>
`;
